// Jest Snapshot v1, https://goo.gl/fbAQLP

exports[`Product mutations #1 Should add new product 1`] = `
Object {
  "__typename": "Product",
  "_id": "5f34fbfe871d083f485407b6",
  "available": true,
  "basePrice": 1550,
  "category": Object {
    "__typename": "Category",
    "_id": "ddc81f5dbac48c38d0403dd3",
  },
  "closureColor": "black",
  "description": Array [
    Object {
      "__typename": "Language",
      "value": "Baggy is so cool",
    },
    Object {
      "__typename": "Language",
      "value": "Рюкзачечок - супер кльовий))",
    },
  ],
  "innerMaterial": Array [
    Object {
      "__typename": "Language",
      "value": "Oxford 135",
    },
    Object {
      "__typename": "Language",
      "value": "Oxford 135",
    },
  ],
  "isHotItem": false,
  "mainMaterial": Array [
    Object {
      "__typename": "Language",
      "value": "Canvas-400G прошита додатковим шаром спеціального матеріалу",
    },
    Object {
      "__typename": "Language",
      "value": "Canvas-400G padded with a layer of durable and water-resistant material",
    },
  ],
  "name": Array [
    Object {
      "__typename": "Language",
      "value": "Very Coool Baggy",
    },
    Object {
      "__typename": "Language",
      "value": "ДУЖЕ СУПЕРСЬКИЙ Рюкзачечок",
    },
  ],
  "pattern": Array [
    Object {
      "__typename": "Language",
      "value": "Вишивка",
    },
    Object {
      "__typename": "Language",
      "value": "Embroidery",
    },
  ],
  "purchasedCount": null,
  "rate": null,
  "rateCount": null,
  "strapLengthInCm": 100,
  "subcategory": Object {
    "__typename": "Category",
    "_id": "688ded7be0c2621f2fb17b05",
  },
}
`;
