// Jest Snapshot v1, https://goo.gl/fbAQLP

exports[`Comment queries 1 Should receive all comments writen by selected user 1`] = `
Array [
  Object {
    "product": Object {
      "_id": "cd81966201945b726894d562",
    },
    "show": true,
    "text": "Купил 2 месяца назад. Очень удобно и стильно, но на углах уже начало протираться",
    "user": Object {
      "email": "ermn7dyptp@yahoo.com",
    },
  },
  Object {
    "product": Object {
      "_id": "c3a84a5b9866c30390366168",
    },
    "show": true,
    "text": "Плюси: вигляд, якість пошивки, зручні кишеньки; Мінуси: поки не знайшов",
    "user": Object {
      "email": "ermn7dyptp@yahoo.com",
    },
  },
  Object {
    "product": Object {
      "_id": "be89b5471126f0fdef739755",
    },
    "show": false,
    "text": "Test text",
    "user": Object {
      "email": "ermn7dyptp@yahoo.com",
    },
  },
]
`;
