// Jest Snapshot v1, https://goo.gl/fbAQLP

exports[`Comment queries should add rate to the product 1`] = `
Object {
  "rate": 4.3,
  "rateCount": 62,
  "userRates": Array [
    Object {
      "rate": 5,
    },
    Object {
      "rate": 5,
    },
    Object {
      "rate": 4,
    },
    Object {
      "rate": 3,
    },
    Object {
      "rate": 5,
    },
    Object {
      "rate": 4,
    },
    Object {
      "rate": 4,
    },
    Object {
      "rate": 4,
    },
    Object {
      "rate": 4,
    },
    Object {
      "rate": 4,
    },
    Object {
      "rate": 4,
    },
    Object {
      "rate": 4,
    },
    Object {
      "rate": 4,
    },
    Object {
      "rate": 4,
    },
    Object {
      "rate": 4,
    },
    Object {
      "rate": 4,
    },
    Object {
      "rate": 4,
    },
    Object {
      "rate": 4,
    },
    Object {
      "rate": 4,
    },
    Object {
      "rate": 4,
    },
    Object {
      "rate": 4,
    },
    Object {
      "rate": 4,
    },
    Object {
      "rate": 4,
    },
    Object {
      "rate": 4,
    },
    Object {
      "rate": 4,
    },
    Object {
      "rate": 4,
    },
    Object {
      "rate": 4,
    },
    Object {
      "rate": 4,
    },
    Object {
      "rate": 4,
    },
    Object {
      "rate": 4,
    },
    Object {
      "rate": 4,
    },
    Object {
      "rate": 4,
    },
    Object {
      "rate": 4,
    },
    Object {
      "rate": 4,
    },
    Object {
      "rate": 4,
    },
    Object {
      "rate": 4,
    },
    Object {
      "rate": 4,
    },
    Object {
      "rate": 4,
    },
    Object {
      "rate": 4,
    },
    Object {
      "rate": 4,
    },
    Object {
      "rate": 4,
    },
    Object {
      "rate": 4,
    },
    Object {
      "rate": 4,
    },
    Object {
      "rate": 4,
    },
    Object {
      "rate": 4,
    },
    Object {
      "rate": 4,
    },
    Object {
      "rate": 4,
    },
    Object {
      "rate": 4,
    },
    Object {
      "rate": 4,
    },
    Object {
      "rate": 4,
    },
    Object {
      "rate": 4,
    },
    Object {
      "rate": 4,
    },
    Object {
      "rate": 4,
    },
    Object {
      "rate": 4,
    },
    Object {
      "rate": 4,
    },
    Object {
      "rate": 4,
    },
    Object {
      "rate": 4,
    },
    Object {
      "rate": 4,
    },
    Object {
      "rate": 4,
    },
    Object {
      "rate": 4,
    },
    Object {
      "rate": 4,
    },
    Object {
      "rate": 4,
    },
  ],
}
`;

exports[`Comment queries should return error if to add rate to not existing product 1`] = `
Object {
  "message": "Cannot destructure property 'userRates' of 'product' as it is null.",
  "statusCode": 400,
}
`;
