// Jest Snapshot v1, https://goo.gl/fbAQLP

exports[`news mutations delete news 1`] = `"Network error: Response not successful: Received status code 400"`;

exports[`news mutations deleting not existing news should throw error 1`] = `"Network error: Response not successful: Received status code 400"`;
