// Jest Snapshot v1, https://goo.gl/fbAQLP

exports[`news mutations delete news 1`] = `"GraphQL error: [{\\"lang\\":\\"uk\\",\\"value\\":\\"Новин  не знайдено\\"},{\\"lang\\":\\"eng\\",\\"value\\":\\"News not found\\"}]"`;

exports[`news mutations deleting not existing news should throw error 1`] = `"GraphQL error: [{\\"lang\\":\\"uk\\",\\"value\\":\\"Новин  не знайдено\\"},{\\"lang\\":\\"eng\\",\\"value\\":\\"News not found\\"}]"`;
