// Jest Snapshot v1, https://goo.gl/fbAQLP

exports[`querries should recive currencies by id like in service and resolver 1`] = `
Object {
  "convertOptions": Array [
    Object {
      "exchangeRate": 26.7544,
      "name": "USD",
    },
    Object {
      "exchangeRate": 29.9609,
      "name": "EUR",
    },
  ],
  "date": "1591228800000",
}
`;
