// Jest Snapshot v1, https://goo.gl/fbAQLP

exports[`queries should recive all users like in service and resolver 1`] = `
Array [
  Object {
    "address": Object {
      "appartment": "48",
      "buildingNumber": "12",
      "city": "Ніжин",
      "country": "Україна",
      "street": "Вулиця Спокійна",
    },
    "credentials": Array [
      Object {
        "source": "google",
        "tokenPass": "IHOI2HOL8O",
      },
    ],
    "email": "adj0959pza@gmail.com",
    "firstName": "Ніл",
    "lastName": "Бабич",
    "orders": Array [
      "83ee481820a2056b8e5cc015",
    ],
    "phoneNumber": "380396032485",
    "purchasedProducts": Array [],
    "registrationDate": "1552340261653",
    "role": "user",
    "wishlist": Array [
      "f94fe36ef59ff80fe02afb28",
    ],
  },
  Object {
    "address": Object {
      "appartment": "134",
      "buildingNumber": "62",
      "city": "Устилуг",
      "country": "Україна",
      "street": "Вулиця Сім'ї Ханенків",
    },
    "credentials": Array [
      Object {
        "source": "google",
        "tokenPass": "RMGCGHK83B",
      },
      Object {
        "source": "facebook",
        "tokenPass": "44NSZOOH5H",
      },
    ],
    "email": ".a0l56fdwx@gmail.com",
    "firstName": "Ельміра",
    "lastName": "Евенсон",
    "orders": Array [
      "ecfe1ca6eba85fdded4b2fd2",
    ],
    "phoneNumber": "380667075410",
    "purchasedProducts": Array [],
    "registrationDate": "1535776190734",
    "role": "user",
    "wishlist": Array [
      "f94fe36ef59ff80fe02afb28",
    ],
  },
  Object {
    "address": Object {
      "appartment": "39",
      "buildingNumber": "21",
      "city": "Кальміуське",
      "country": "Україна",
      "street": "Вулиця Вітрякова",
    },
    "credentials": Array [
      Object {
        "source": "google",
        "tokenPass": "4YQJSUFUFB",
      },
    ],
    "email": "jm5fi3uy32@gmail.com",
    "firstName": "Глорія",
    "lastName": "Воронін",
    "orders": Array [
      "bfbc97adec6a5f01291bf0aa",
    ],
    "phoneNumber": "380912032804",
    "purchasedProducts": Array [],
    "registrationDate": "1543471500871",
    "role": "user",
    "wishlist": Array [
      "da31e5c576af0a3f93888aac",
    ],
  },
  Object {
    "address": Object {
      "appartment": "59",
      "buildingNumber": "13",
      "city": "Городок",
      "country": "Україна",
      "street": "Провулок Попова",
    },
    "credentials": Array [
      Object {
        "source": "facebook",
        "tokenPass": "HGIMCDH3YO",
      },
    ],
    "email": "w23526w3ne@gmail.com",
    "firstName": "Азат",
    "lastName": "Рудницька",
    "orders": Array [
      "ebac8166c67b32003e440583",
    ],
    "phoneNumber": "380681490418",
    "purchasedProducts": Array [],
    "registrationDate": "1312389141210",
    "role": "user",
    "wishlist": Array [
      "c2a6b03f190dfb2b4aa91f8a",
    ],
  },
  Object {
    "address": Object {
      "appartment": "106",
      "buildingNumber": "3",
      "city": "Привілля",
      "country": "Україна",
      "street": "Вулиця Федьковича",
    },
    "credentials": Array [
      Object {
        "source": "google",
        "tokenPass": "KL5509UC3B",
      },
    ],
    "email": "vjp8tx4t5t@gmail.com",
    "firstName": "Вікторія",
    "lastName": "Лівицький",
    "orders": Array [
      "c94c4ebc880eb65b4ea39818",
    ],
    "phoneNumber": "380961599872",
    "purchasedProducts": Array [],
    "registrationDate": "1336571038679",
    "role": "user",
    "wishlist": Array [
      "da31e5c576af0a3f93888aac",
    ],
  },
  Object {
    "address": Object {
      "appartment": "25",
      "buildingNumber": "71",
      "city": "Бориспіль",
      "country": "Україна",
      "street": "Святошинська вулиця",
    },
    "credentials": Array [
      Object {
        "source": "local",
        "tokenPass": "14CUJN5IAJ",
      },
    ],
    "email": "1vl6sxifxe@gmail.com",
    "firstName": "Лаврін",
    "lastName": "Іляшенко",
    "orders": Array [
      "9e34ea3ab161164760bd4e3b",
    ],
    "phoneNumber": "38097314931",
    "purchasedProducts": Array [],
    "registrationDate": "1471386404617",
    "role": "user",
    "wishlist": Array [
      "c2a6b03f190dfb2b4aa91f8a",
    ],
  },
  Object {
    "address": Object {
      "appartment": "65",
      "buildingNumber": "36",
      "city": "Яремче",
      "country": "Україна",
      "street": "Вулиця Малі Кривчиці",
    },
    "credentials": Array [
      Object {
        "source": "local",
        "tokenPass": "ETOUU2WNA6",
      },
    ],
    "email": "bwq3r70479@gmail.com",
    "firstName": "Ксенія",
    "lastName": "Азадовський",
    "orders": Array [
      "3e3cce8cc8806295e782fd21",
    ],
    "phoneNumber": "380934086696",
    "purchasedProducts": Array [],
    "registrationDate": "1501303681625",
    "role": "user",
    "wishlist": Array [
      "c2a6b03f190dfb2b4aa91f8a",
    ],
  },
  Object {
    "address": Object {
      "appartment": "3",
      "buildingNumber": "127",
      "city": "Харків",
      "country": "Україна",
      "street": "Вулиця Полтавська",
    },
    "credentials": Array [
      Object {
        "source": "google",
        "tokenPass": "15WJLBWDAQ",
      },
    ],
    "email": "db1w4qwk4v@gmail.com",
    "firstName": "Мішель",
    "lastName": "Легтонен",
    "orders": Array [
      "785d562feab9137ab8bbb32f",
    ],
    "phoneNumber": "380505224353",
    "purchasedProducts": Array [],
    "registrationDate": "1547903328429",
    "role": "user",
    "wishlist": Array [
      "f94fe36ef59ff80fe02afb28",
    ],
  },
  Object {
    "address": Object {
      "appartment": "127",
      "buildingNumber": "34",
      "city": "Вишгород",
      "country": "Україна",
      "street": "Вулиця Михайла Грушевського",
    },
    "credentials": Array [
      Object {
        "source": "google",
        "tokenPass": "AFLXTFL9IE",
      },
    ],
    "email": "b1gna4veub@gmail.com",
    "firstName": "Іллай",
    "lastName": "Семп-Шажинський",
    "orders": Array [
      "5490c2ccd547d1c1fbdc01e1",
    ],
    "phoneNumber": "380681525152",
    "purchasedProducts": Array [],
    "registrationDate": "1392848098486",
    "role": "user",
    "wishlist": Array [
      "f94fe36ef59ff80fe02afb28",
    ],
  },
  Object {
    "address": Object {
      "appartment": "140",
      "buildingNumber": "210",
      "city": "Бровари",
      "country": "Україна",
      "street": "Вулиця Пушкіна",
    },
    "credentials": Array [
      Object {
        "source": "local",
        "tokenPass": "Y1OZJIX3R7",
      },
      Object {
        "source": "google",
        "tokenPass": "O2J68D3ND4",
      },
    ],
    "email": "lohjhorgp8@gmail.com",
    "firstName": "Віктоія",
    "lastName": "Мур",
    "orders": Array [
      "edb791dbc0a3a80de210b630",
    ],
    "phoneNumber": "380997017992",
    "purchasedProducts": Array [],
    "registrationDate": "1589573774625",
    "role": "user",
    "wishlist": Array [
      "da31e5c576af0a3f93888aac",
    ],
  },
  Object {
    "address": Object {
      "appartment": "2",
      "buildingNumber": "200",
      "city": "Самбір",
      "country": "Україна",
      "street": "Вулиця Стрітенська",
    },
    "credentials": Array [
      Object {
        "source": "local",
        "tokenPass": "L713NTZ08Q",
      },
    ],
    "email": "a0es8rnaus@gmail.com",
    "firstName": "В'ячеслав",
    "lastName": "Ателькін",
    "orders": Array [
      "f43a8723ef2fd6b74a3f8327",
    ],
    "phoneNumber": "380686797683",
    "purchasedProducts": Array [],
    "registrationDate": "1375397692562",
    "role": "user",
    "wishlist": Array [
      "da31e5c576af0a3f93888aac",
    ],
  },
  Object {
    "address": Object {
      "appartment": "25",
      "buildingNumber": "230",
      "city": "Марганець",
      "country": "Україна",
      "street": "Вулиця Барбарисова",
    },
    "credentials": Array [
      Object {
        "source": "local",
        "tokenPass": "FIK6VWZIX5",
      },
    ],
    "email": "rc7cpiwc8n@gmail.com",
    "firstName": "Сільвія",
    "lastName": "Ситін",
    "orders": Array [
      "f8fcfcb9919ad6ee6792fde5",
    ],
    "phoneNumber": "380938358813",
    "purchasedProducts": Array [],
    "registrationDate": "1491330740997",
    "role": "user",
    "wishlist": Array [
      "c2a6b03f190dfb2b4aa91f8a",
    ],
  },
  Object {
    "address": Object {
      "appartment": "31",
      "buildingNumber": "289",
      "city": "Заводське",
      "country": "Україна",
      "street": "Вулиця Комбайнерів",
    },
    "credentials": Array [
      Object {
        "source": "facebook",
        "tokenPass": "YPWFHSIGEJ",
      },
    ],
    "email": "0oaowmkjeo@gmail.com",
    "firstName": "Юліана",
    "lastName": "Ульссон",
    "orders": Array [
      "83107436c74bea8fcf3cf63f",
    ],
    "phoneNumber": "380687267956",
    "purchasedProducts": Array [],
    "registrationDate": "1510545010470",
    "role": "user",
    "wishlist": Array [
      "da31e5c576af0a3f93888aac",
    ],
  },
  Object {
    "address": Object {
      "appartment": "139",
      "buildingNumber": "118",
      "city": "Підгородне",
      "country": "Україна",
      "street": "Нектарна вулиця",
    },
    "credentials": Array [
      Object {
        "source": "google",
        "tokenPass": "955X7Z1EKP",
      },
    ],
    "email": "isrcr4fjc9@gmail.com",
    "firstName": "Тед",
    "lastName": "Охріменко",
    "orders": Array [
      "8a69d8f22f0798a4185e8e45",
    ],
    "phoneNumber": "380673660759",
    "purchasedProducts": Array [],
    "registrationDate": "1411300766762",
    "role": "user",
    "wishlist": Array [
      "c2a6b03f190dfb2b4aa91f8a",
    ],
  },
  Object {
    "address": Object {
      "appartment": "37",
      "buildingNumber": "26",
      "city": "Іловайськ",
      "country": "Україна",
      "street": "Вулиця Волошина",
    },
    "credentials": Array [
      Object {
        "source": "google",
        "tokenPass": "0VWC60S9A6",
      },
    ],
    "email": "isi0abf45u@gmail.com",
    "firstName": "Фон",
    "lastName": "Вериківський",
    "orders": Array [
      "4195486949c430441cd541db",
    ],
    "phoneNumber": "380916203164",
    "purchasedProducts": Array [],
    "registrationDate": "1452464986497",
    "role": "user",
    "wishlist": Array [
      "c2a6b03f190dfb2b4aa91f8a",
    ],
  },
  Object {
    "address": Object {
      "appartment": "69",
      "buildingNumber": "59",
      "city": "Кальміуське",
      "country": "Україна",
      "street": "Батумська вулиця",
    },
    "credentials": Array [
      Object {
        "source": "google",
        "tokenPass": "BLYYOOA97V",
      },
    ],
    "email": "lx6r26ne6y@gmail.com",
    "firstName": "Кая",
    "lastName": "Гуцало",
    "orders": Array [
      "09873b92d50f0740c0ef57bc",
    ],
    "phoneNumber": "380995255139",
    "purchasedProducts": Array [],
    "registrationDate": "1424639806146",
    "role": "user",
    "wishlist": Array [
      "f94fe36ef59ff80fe02afb28",
    ],
  },
  Object {
    "address": Object {
      "appartment": "120",
      "buildingNumber": "194",
      "city": "Феодосія",
      "country": "Україна",
      "street": "Вулиця Похила",
    },
    "credentials": Array [
      Object {
        "source": "local",
        "tokenPass": "FJ84NWZ3ZF",
      },
      Object {
        "source": "google",
        "tokenPass": "4X07M4TVQS",
      },
    ],
    "email": "u5l009uzwe@gmail.com",
    "firstName": "Кирило",
    "lastName": "Мошевич",
    "orders": Array [
      "380de389fc5952fcc7e40419",
    ],
    "phoneNumber": "380979070951",
    "purchasedProducts": Array [],
    "registrationDate": "1415715285935",
    "role": "user",
    "wishlist": Array [
      "f94fe36ef59ff80fe02afb28",
    ],
  },
  Object {
    "address": Object {
      "appartment": "22",
      "buildingNumber": "96",
      "city": "Кадіївка",
      "country": "Україна",
      "street": "Вулиця Тролейбусна",
    },
    "credentials": Array [
      Object {
        "source": "facebook",
        "tokenPass": "Y323UV9N9L",
      },
    ],
    "email": "5o3wgsrqg4@gmail.com",
    "firstName": "Updated",
    "lastName": "Мур",
    "orders": Array [
      "2f9c631d9b5825a94971b1a1",
    ],
    "phoneNumber": "380919174331",
    "purchasedProducts": Array [],
    "registrationDate": "1482910782447",
    "role": "user",
    "wishlist": Array [
      "c2a6b03f190dfb2b4aa91f8a",
    ],
  },
  Object {
    "address": null,
    "credentials": Array [
      Object {
        "source": "horondi",
        "tokenPass": "$2a$12$1n15Cbbpa0wTdaobEEB2TO9WBapeEwrotiX6o8bC00tNgppCtKxXW",
      },
    ],
    "email": "tacjka334@gmail.com",
    "firstName": "Petro",
    "lastName": "Tatsenyak",
    "orders": Array [],
    "phoneNumber": null,
    "purchasedProducts": Array [],
    "registrationDate": "1594399617163",
    "role": null,
    "wishlist": Array [],
  },
]
`;

exports[`queries should recive user by id 1`] = `undefined`;

exports[`queries should recive user by id like in service and resolver 1`] = `undefined`;

exports[`queries should recive user by token 1`] = `
Object {
  "address": null,
  "credentials": Array [
    Object {
      "source": "horondi",
      "tokenPass": "$2a$12$1n15Cbbpa0wTdaobEEB2TO9WBapeEwrotiX6o8bC00tNgppCtKxXW",
    },
  ],
  "email": "tacjka334@gmail.com",
  "firstName": "Petro",
  "lastName": "Tatsenyak",
  "orders": Array [],
  "phoneNumber": null,
  "purchasedProducts": Array [],
  "registrationDate": "1594399617163",
  "role": null,
  "wishlist": Array [],
}
`;

exports[`queries should recive user by token like in service and resolver 1`] = `
Object {
  "address": null,
  "credentials": Array [
    Object {
      "source": "horondi",
      "tokenPass": "$2a$12$1n15Cbbpa0wTdaobEEB2TO9WBapeEwrotiX6o8bC00tNgppCtKxXW",
    },
  ],
  "email": "tacjka334@gmail.com",
  "firstName": "Petro",
  "lastName": "Tatsenyak",
  "orders": Array [],
  "phoneNumber": null,
  "purchasedProducts": Array [],
  "registrationDate": "1594399617163",
  "role": null,
  "wishlist": Array [],
}
`;

exports[`querries should recive user by id like in service and resolver 1`] = `undefined`;

exports[`querries should recive user by token like in service and resolver 1`] = `
Object {
  "address": null,
  "credentials": Array [
    Object {
      "source": "horondi",
      "tokenPass": "$2a$12$1n15Cbbpa0wTdaobEEB2TO9WBapeEwrotiX6o8bC00tNgppCtKxXW",
    },
  ],
  "email": "tacjka334@gmail.com",
  "firstName": "Petro",
  "lastName": "Tatsenyak",
  "orders": Array [],
  "phoneNumber": null,
  "purchasedProducts": Array [],
  "registrationDate": "1594399617163",
  "role": null,
  "wishlist": Array [],
}
`;
