// Jest Snapshot v1, https://goo.gl/fbAQLP

exports[`queries should recive user by id 1`] = `undefined`;

exports[`queries should recive user by token 1`] = `
Object {
  "address": null,
  "credentials": Array [
    Object {
      "source": "horondi",
    },
  ],
  "email": "test.email@gmail.com",
  "firstName": "Test",
  "lastName": "User",
  "orders": Array [],
  "phoneNumber": null,
  "purchasedProducts": Array [],
  "role": null,
  "wishlist": Array [],
}
`;
