// Jest Snapshot v1, https://goo.gl/fbAQLP

exports[`querries should recive all currencies like in service and resolver 1`] = `
Array [
  Object {
    "convertOptions": Array [
      Object {
        "exchangeRate": 26.7544,
        "name": "USD",
      },
      Object {
        "exchangeRate": 29.9609,
        "name": "EUR",
      },
    ],
    "date": "1591228800000",
  },
  Object {
    "convertOptions": Array [
      Object {
        "exchangeRate": 26.6953,
        "name": "USD",
      },
      Object {
        "exchangeRate": 29.9975,
        "name": "EUR",
      },
    ],
    "date": "1591315200000",
  },
  Object {
    "convertOptions": Array [
      Object {
        "exchangeRate": 26.6005,
        "name": "USD",
      },
      Object {
        "exchangeRate": 30.1477,
        "name": "EUR",
      },
    ],
    "date": "1591660800000",
  },
  Object {
    "convertOptions": Array [
      Object {
        "exchangeRate": 26.6412,
        "name": "USD",
      },
      Object {
        "exchangeRate": 30.0872,
        "name": "EUR",
      },
    ],
    "date": "1591747200000",
  },
  Object {
    "convertOptions": Array [
      Object {
        "exchangeRate": 26.6367,
        "name": "USD",
      },
      Object {
        "exchangeRate": 30.2859,
        "name": "EUR",
      },
    ],
    "date": "1591833600000",
  },
  Object {
    "convertOptions": Array [
      Object {
        "exchangeRate": 26.5999,
        "name": "USD",
      },
      Object {
        "exchangeRate": 30.1723,
        "name": "EUR",
      },
    ],
    "date": "1591920000000",
  },
  Object {
    "convertOptions": Array [
      Object {
        "exchangeRate": 26.7303,
        "name": "USD",
      },
      Object {
        "exchangeRate": 30.2119,
        "name": "EUR",
      },
    ],
    "date": "1592179200000",
  },
  Object {
    "convertOptions": Array [
      Object {
        "exchangeRate": 26.844,
        "name": "USD",
      },
      Object {
        "exchangeRate": 30.2062,
        "name": "EUR",
      },
    ],
    "date": "1592265600000",
  },
]
`;

exports[`querries should recive currencies by id like in service and resolver 1`] = `
Object {
  "convertOptions": Array [
    Object {
      "exchangeRate": 26.7544,
      "name": "USD",
    },
    Object {
      "exchangeRate": 29.9609,
      "name": "EUR",
    },
  ],
  "date": "1591228800000",
}
`;
