// Jest Snapshot v1, https://goo.gl/fbAQLP

exports[`pattern mutation tests #1 should add pattern to database 1`] = `
Object {
  "__typename": "Pattern",
  "_id": "5f5a51e1df110c0b0830ce62",
  "available": true,
  "description": Array [
    Object {
      "__typename": "Language",
      "lang": "uk",
      "value": "test value",
    },
    Object {
      "__typename": "Language",
      "lang": "en",
      "value": "test value",
    },
  ],
  "handmade": false,
  "images": Object {
    "__typename": "ImageSet",
    "large": "large_335nr4j5dkebkw5cy_test.jpg",
    "medium": "medium_335nr4j5dkebkw5cy_test.jpg",
    "small": "small_335nr4j5dkebkw5cy_test.jpg",
    "thumbnail": "thumbnail_335nr4j5dkebkw5cy_test.jpg",
  },
  "material": "test",
  "name": Array [
    Object {
      "__typename": "Language",
      "lang": "uk",
      "value": "test value",
    },
    Object {
      "__typename": "Language",
      "lang": "en",
      "value": "test value",
    },
  ],
}
`;
