// Jest Snapshot v1, https://goo.gl/fbAQLP

exports[`Business page queries Should receive all business texts 1`] = `
Array [
  Object {
    "code": "about-us",
  },
  Object {
    "code": "privacy-policy",
  },
  Object {
    "code": "materials",
  },
  Object {
    "code": "terms",
  },
  Object {
    "code": "user-agreement",
  },
  Object {
    "code": "payment-and-shipping",
  },
  Object {
    "code": "whatver",
  },
]
`;

exports[`Business page queries Should receive selected business text 1`] = `
Object {
  "code": "whatver",
}
`;
